Archive member included to satisfy reference by file (symbol)

..\..\..\..\..\..\..\..\Program Files (x86)\GNU Tools ARM Embedded\5.3 2016q1\arm-none-eabi\lib\armv7e-m\fpu\libm.a(lib_a-w_sqrt.o)
                              ..\obj\main.o (sqrt)
..\..\..\..\..\..\..\..\Program Files (x86)\GNU Tools ARM Embedded\5.3 2016q1\arm-none-eabi\lib\armv7e-m\fpu\libm.a(lib_a-e_sqrt.o)
                              ..\..\..\..\..\..\..\..\Program Files (x86)\GNU Tools ARM Embedded\5.3 2016q1\arm-none-eabi\lib\armv7e-m\fpu\libm.a(lib_a-w_sqrt.o) (__ieee754_sqrt)
..\..\..\..\..\..\..\..\Program Files (x86)\GNU Tools ARM Embedded\5.3 2016q1\arm-none-eabi\lib\armv7e-m\fpu\libm.a(lib_a-s_lib_ver.o)
                              ..\..\..\..\..\..\..\..\Program Files (x86)\GNU Tools ARM Embedded\5.3 2016q1\arm-none-eabi\lib\armv7e-m\fpu\libm.a(lib_a-w_sqrt.o) (__fdlib_version)
..\..\..\..\..\..\..\..\Program Files (x86)\GNU Tools ARM Embedded\5.3 2016q1\arm-none-eabi\lib\armv7e-m\fpu\libm.a(lib_a-s_matherr.o)
                              ..\..\..\..\..\..\..\..\Program Files (x86)\GNU Tools ARM Embedded\5.3 2016q1\arm-none-eabi\lib\armv7e-m\fpu\libm.a(lib_a-w_sqrt.o) (matherr)
c:/program files (x86)/gnu tools arm embedded/5.3 2016q1/bin/../lib/gcc/arm-none-eabi/5.3.1/armv7e-m/fpu\libgcc.a(_arm_addsubdf3.o)
                              ..\..\..\..\..\..\..\..\Program Files (x86)\GNU Tools ARM Embedded\5.3 2016q1\arm-none-eabi\lib\armv7e-m\fpu\libm.a(lib_a-e_sqrt.o) (__aeabi_dsub)
c:/program files (x86)/gnu tools arm embedded/5.3 2016q1/bin/../lib/gcc/arm-none-eabi/5.3.1/armv7e-m/fpu\libgcc.a(_arm_muldivdf3.o)
                              ..\..\..\..\..\..\..\..\Program Files (x86)\GNU Tools ARM Embedded\5.3 2016q1\arm-none-eabi\lib\armv7e-m\fpu\libm.a(lib_a-e_sqrt.o) (__aeabi_dmul)
c:/program files (x86)/gnu tools arm embedded/5.3 2016q1/bin/../lib/gcc/arm-none-eabi/5.3.1/armv7e-m/fpu\libgcc.a(_arm_cmpdf2.o)
                              ..\..\..\..\..\..\..\..\Program Files (x86)\GNU Tools ARM Embedded\5.3 2016q1\arm-none-eabi\lib\armv7e-m\fpu\libm.a(lib_a-w_sqrt.o) (__aeabi_dcmplt)
c:/program files (x86)/gnu tools arm embedded/5.3 2016q1/bin/../lib/gcc/arm-none-eabi/5.3.1/armv7e-m/fpu\libgcc.a(_arm_unorddf2.o)
                              ..\..\..\..\..\..\..\..\Program Files (x86)\GNU Tools ARM Embedded\5.3 2016q1\arm-none-eabi\lib\armv7e-m\fpu\libm.a(lib_a-w_sqrt.o) (__aeabi_dcmpun)
c:/program files (x86)/gnu tools arm embedded/5.3 2016q1/bin/../lib/gcc/arm-none-eabi/5.3.1/armv7e-m/fpu\libgcc.a(_arm_fixdfsi.o)
                              ..\obj\main.o (__aeabi_d2iz)
..\..\..\..\..\..\..\..\Program Files (x86)\GNU Tools ARM Embedded\5.3 2016q1\arm-none-eabi\lib\armv7e-m\fpu\libg.a(lib_a-errno.o)
                              ..\..\..\..\..\..\..\..\Program Files (x86)\GNU Tools ARM Embedded\5.3 2016q1\arm-none-eabi\lib\armv7e-m\fpu\libm.a(lib_a-w_sqrt.o) (__errno)
..\..\..\..\..\..\..\..\Program Files (x86)\GNU Tools ARM Embedded\5.3 2016q1\arm-none-eabi\lib\armv7e-m\fpu\libg.a(lib_a-impure.o)
                              ..\..\..\..\..\..\..\..\Program Files (x86)\GNU Tools ARM Embedded\5.3 2016q1\arm-none-eabi\lib\armv7e-m\fpu\libg.a(lib_a-errno.o) (_impure_ptr)
..\..\..\..\..\..\..\..\Program Files (x86)\GNU Tools ARM Embedded\5.3 2016q1\arm-none-eabi\lib\armv7e-m\fpu\libg.a(lib_a-memcpy.o)
                              ..\obj\queue.o (memcpy)
..\..\..\..\..\..\..\..\Program Files (x86)\GNU Tools ARM Embedded\5.3 2016q1\arm-none-eabi\lib\armv7e-m\fpu\libg.a(lib_a-memset.o)
                              ..\obj\tasks.o (memset)
..\..\..\..\..\..\..\..\Program Files (x86)\GNU Tools ARM Embedded\5.3 2016q1\arm-none-eabi\lib\armv7e-m\fpu\libg.a(lib_a-random.o)
                              ..\obj\main.o (srandom)

Allocating common symbols
Common symbol       size              file

RTOS_tim_1          0x4               ..\obj\main.o
random32bit         0x4               ..\obj\main.o
xQueueRegistry      0x40              ..\obj\queue.o
ADC_InitStructure   0x20              ..\obj\main.o
DAC_InitStructure   0x10              ..\obj\main.o
GPIO_InitStructure  0x8               ..\obj\main.o
ADC_Result          0x6               ..\obj\dma.o
DMA_InitStructure   0x2c              ..\obj\main.o
ADC_CommonInitStructure
                    0x14              ..\obj\main.o

Discarded input sections

 .text          0x00000000        0x0 ..\obj\stm32f30x_iwdg.o
 .data          0x00000000        0x0 ..\obj\stm32f30x_iwdg.o
 .bss           0x00000000        0x0 ..\obj\stm32f30x_iwdg.o
 .text.IWDG_SetWindowValue
                0x00000000       0x20 ..\obj\stm32f30x_iwdg.o
 .text.IWDG_GetFlagStatus
                0x00000000       0x38 ..\obj\stm32f30x_iwdg.o
 .text          0x00000000        0x0 ..\obj\stm32f30x_rcc.o
 .data          0x00000000       0x2a ..\obj\stm32f30x_rcc.o
 .bss           0x00000000        0x0 ..\obj\stm32f30x_rcc.o
 .text.RCC_WaitForHSEStartUp
                0x00000000       0x50 ..\obj\stm32f30x_rcc.o
[...]
Memory Configuration

Name             Origin             Length             Attributes
rom              0x08000000         0x00040000         xr
ram              0x20000000         0x0000a000         xrw
ram1             0x10000000         0x00002000         xrw
*default*        0x00000000         0xffffffff

Linker script and memory map

                0x2000a000                _eram = 0x2000a000

.text           0x08000000     0x5c14
 *(.isr_vector)
 .isr_vector    0x08000000      0x188 ..\obj\startup_stm32f30x.o
                0x08000000                g_pfnVectors
 *(.text*)
 .text.IWDG_WriteAccessCmd
                0x08000188       0x20 ..\obj\stm32f30x_iwdg.o
                0x08000188                IWDG_WriteAccessCmd
 .text.IWDG_SetPrescaler
                0x080001a8       0x20 ..\obj\stm32f30x_iwdg.o
                0x080001a8                IWDG_SetPrescaler
 .text.IWDG_SetReload
                0x080001c8       0x20 ..\obj\stm32f30x_iwdg.o
                0x080001c8                IWDG_SetReload
 .text.IWDG_ReloadCounter
                0x080001e8       0x1c ..\obj\stm32f30x_iwdg.o
                0x080001e8                IWDG_ReloadCounter
 .text.IWDG_Enable
                0x08000204       0x1c ..\obj\stm32f30x_iwdg.o
                0x08000204                IWDG_Enable
 .text.RCC_DeInit
                0x08000220       0x7c ..\obj\stm32f30x_rcc.o
                0x08000220                RCC_DeInit
 .text.RCC_HSEConfig
                0x0800029c       0x28 ..\obj\stm32f30x_rcc.o
                0x0800029c                RCC_HSEConfig
 .text.RCC_HSICmd
                0x080002c4       0x20 ..\obj\stm32f30x_rcc.o
                0x080002c4                RCC_HSICmd
 .text.RCC_PLLConfig
                0x080002e4       0x38 ..\obj\stm32f30x_rcc.o
                0x080002e4                RCC_PLLConfig
 .text.RCC_PLLCmd
                0x0800031c       0x20 ..\obj\stm32f30x_rcc.o
                0x0800031c                RCC_PLLCmd
 .text.RCC_SYSCLKConfig
                0x0800033c       0x38 ..\obj\stm32f30x_rcc.o
                0x0800033c                RCC_SYSCLKConfig
 .text.RCC_GetSYSCLKSource
                0x08000374       0x20 ..\obj\stm32f30x_rcc.o
                0x08000374                RCC_GetSYSCLKSource
 .text.RCC_HCLKConfig
                0x08000394       0x38 ..\obj\stm32f30x_rcc.o
                0x08000394                RCC_HCLKConfig
 .text.RCC_PCLK1Config
                0x080003cc       0x38 ..\obj\stm32f30x_rcc.o
                0x080003cc                RCC_PCLK1Config
 .text.RCC_PCLK2Config
                0x08000404       0x3c ..\obj\stm32f30x_rcc.o
                0x08000404                RCC_PCLK2Config
 .text.RCC_ADCCLKConfig
                0x08000440       0x50 ..\obj\stm32f30x_rcc.o
                0x08000440                RCC_ADCCLKConfig
 .text.RCC_AHBPeriphClockCmd
                0x08000490       0x40 ..\obj\stm32f30x_rcc.o
                0x08000490                RCC_AHBPeriphClockCmd
 .text.RCC_APB2PeriphClockCmd
                0x080004d0       0x40 ..\obj\stm32f30x_rcc.o
                0x080004d0                RCC_APB2PeriphClockCmd
 .text.RCC_APB1PeriphClockCmd
                0x08000510       0x40 ..\obj\stm32f30x_rcc.o
                0x08000510                RCC_APB1PeriphClockCmd
 .text.RCC_GetFlagStatus
                0x08000550       0x84 ..\obj\stm32f30x_rcc.o
                0x08000550                RCC_GetFlagStatus
 .text.ADC_Init
                0x080005d4       0x84 ..\obj\stm32f30x_adc.o
                0x080005d4                ADC_Init
 .text.ADC_CommonInit
                0x08000658       0x9c ..\obj\stm32f30x_adc.o
                0x08000658                ADC_CommonInit
 .text.ADC_Cmd  0x080006f4       0x38 ..\obj\stm32f30x_adc.o
                0x080006f4                ADC_Cmd
 .text.ADC_RegularChannelConfig
                0x0800072c      0x1f0 ..\obj\stm32f30x_adc.o
                0x0800072c                ADC_RegularChannelConfig
 .text.ADC_StartConversion
                0x0800091c       0x20 ..\obj\stm32f30x_adc.o
                0x0800091c                ADC_StartConversion
 .text.ADC_GetConversionValue
                0x0800093c       0x1c ..\obj\stm32f30x_adc.o
                0x0800093c                ADC_GetConversionValue
 .text.ADC_DMACmd
                0x08000958       0x38 ..\obj\stm32f30x_adc.o
                0x08000958                ADC_DMACmd
 .text.ADC_DMAConfig
                0x08000990       0x30 ..\obj\stm32f30x_adc.o
                0x08000990                ADC_DMAConfig
 .text.GPIO_Init
                0x080009c0      0x130 ..\obj\stm32f30x_gpio.o
                0x080009c0                GPIO_Init
 .text.TimerFunction
                0x08000af0      0x738 ..\obj\main.o
                0x08000af0                TimerFunction
 .text.TIM_Config
                0x08001228       0x50 ..\obj\main.o
                0x08001228                TIM_Config
 .text.NVIC_Config
                0x08001278       0x74 ..\obj\main.o
                0x08001278                NVIC_Config
 .text.EXTI0_IRQHandler
                0x080012ec       0x64 ..\obj\main.o
                0x080012ec                EXTI0_IRQHandler
 .text.POT1_Task
                0x08001350       0xb0 ..\obj\main.o
                0x08001350                POT1_Task
 .text.POT2_Task
                0x08001400       0xac ..\obj\main.o
                0x08001400                POT2_Task
 .text.main     0x080014ac      0x17c ..\obj\main.o
                0x080014ac                main
 .text.vApplicationMallocFailedHook
                0x08001628        0x8 ..\obj\main.o
                0x08001628                vApplicationMallocFailedHook
 .text.vApplicationStackOverflowHook
                0x08001630        0xc ..\obj\main.o
                0x08001630                vApplicationStackOverflowHook
 .text.vApplicationTickHook
                0x0800163c       0x10 ..\obj\main.o
                0x0800163c                vApplicationTickHook
 .text.DMA_DeInit
                0x0800164c      0x178 ..\obj\stm32f30x_dma.o
                0x0800164c                DMA_DeInit
 .text.DMA_Init
                0x080017c4       0x80 ..\obj\stm32f30x_dma.o
                0x080017c4                DMA_Init
 .text.DMA_Cmd  0x08001844       0x3c ..\obj\stm32f30x_dma.o
                0x08001844                DMA_Cmd
 .text.xTimerCreateTimerTask
                0x08001880       0x64 ..\obj\timers.o
                0x08001880                xTimerCreateTimerTask
 .text.xTimerCreate
                0x080018e4       0x44 ..\obj\timers.o
                0x080018e4                xTimerCreate
 .text.prvInitialiseNewTimer
                0x08001928       0x70 ..\obj\timers.o
 .text.xTimerGenericCommand
                0x08001998       0x98 ..\obj\timers.o
                0x08001998                xTimerGenericCommand
 .text.prvReloadTimer
                0x08001a30       0x40 ..\obj\timers.o
 .text.prvProcessExpiredTimer
                0x08001a70       0x60 ..\obj\timers.o
 .text.prvTimerTask
                0x08001ad0       0x24 ..\obj\timers.o
 .text.prvProcessTimerOrBlockTask
                0x08001af4       0x9c ..\obj\timers.o
 .text.prvGetNextExpireTime
                0x08001b90       0x48 ..\obj\timers.o
 .text.prvSampleTimeNow
                0x08001bd8       0x40 ..\obj\timers.o
 .text.prvInsertTimerInActiveList
                0x08001c18       0x84 ..\obj\timers.o
 .text.prvProcessReceivedCommands
                0x08001c9c      0x178 ..\obj\timers.o
 .text.prvSwitchTimerLists
                0x08001e14       0x4c ..\obj\timers.o
 .text.prvCheckForValidListAndQueue
                0x08001e60       0x6c ..\obj\timers.o
 .text.GPIO_Config
                0x08001ecc       0xac ..\obj\gpio.o
                0x08001ecc                GPIO_Config
 .text.DAC_Config
                0x08001f78       0x60 ..\obj\dac.o
                0x08001f78                DAC_Config
 .text.xTaskCreate
                0x08001fd8       0x8c ..\obj\tasks.o
                0x08001fd8                xTaskCreate
 .text.prvInitialiseNewTask
                0x08002064      0x118 ..\obj\tasks.o
 .text.prvAddNewTaskToReadyList
                0x0800217c      0x12c ..\obj\tasks.o
 .text.vTaskDelay
                0x080022a8       0x68 ..\obj\tasks.o
                0x080022a8                vTaskDelay
 .text.vTaskStartScheduler
                0x08002310       0xa0 ..\obj\tasks.o
                0x08002310                vTaskStartScheduler
 .text.vTaskSuspendAll
                0x080023b0       0x1c ..\obj\tasks.o
                0x080023b0                vTaskSuspendAll
 .text.xTaskResumeAll
                0x080023cc      0x1f4 ..\obj\tasks.o
                0x080023cc                xTaskResumeAll
 .text.xTaskGetTickCount
                0x080025c0       0x20 ..\obj\tasks.o
                0x080025c0                xTaskGetTickCount
 .text.xTaskGetTickCountFromISR
                0x080025e0       0x24 ..\obj\tasks.o
                0x080025e0                xTaskGetTickCountFromISR
 .text.uxTaskGetNumberOfTasks
                0x08002604       0x18 ..\obj\tasks.o
                0x08002604                uxTaskGetNumberOfTasks
 .text.xTaskIncrementTick
                0x0800261c      0x23c ..\obj\tasks.o
                0x0800261c                xTaskIncrementTick
 .text.vTaskSwitchContext
                0x08002858      0x100 ..\obj\tasks.o
                0x08002858                vTaskSwitchContext
 .text.vTaskPlaceOnEventList
                0x08002958       0x48 ..\obj\tasks.o
                0x08002958                vTaskPlaceOnEventList
 .text.vTaskPlaceOnEventListRestricted
                0x080029a0       0x88 ..\obj\tasks.o
                0x080029a0                vTaskPlaceOnEventListRestricted
 .text.xTaskRemoveFromEventList
                0x08002a28      0x1ac ..\obj\tasks.o
                0x08002a28                xTaskRemoveFromEventList
 .text.vTaskInternalSetTimeOutState
                0x08002bd4       0x2c ..\obj\tasks.o
                0x08002bd4                vTaskInternalSetTimeOutState
 .text.xTaskCheckForTimeOut
                0x08002c00       0xc8 ..\obj\tasks.o
                0x08002c00                xTaskCheckForTimeOut
 .text.vTaskMissedYield
                0x08002cc8       0x18 ..\obj\tasks.o
                0x08002cc8                vTaskMissedYield
 .text.prvIdleTask
                0x08002ce0       0x30 ..\obj\tasks.o
 .text.prvInitialiseTaskLists
                0x08002d10       0x80 ..\obj\tasks.o
 .text.prvCheckTasksWaitingTermination
                0x08002d90       0x58 ..\obj\tasks.o
 .text.prvDeleteTCB
                0x08002de8       0x20 ..\obj\tasks.o
 .text.prvResetNextTaskUnblockTime
                0x08002e08       0x38 ..\obj\tasks.o
 .text.xTaskGetSchedulerState
                0x08002e40       0x3c ..\obj\tasks.o
                0x08002e40                xTaskGetSchedulerState
 .text.xTaskPriorityDisinherit
                0x08002e7c      0x144 ..\obj\tasks.o
                0x08002e7c                xTaskPriorityDisinherit
 .text.prvAddCurrentTaskToDelayedList
                0x08002fc0      0x100 ..\obj\tasks.o
 .text.EXTI_Init
                0x080030c0      0x1f8 ..\obj\stm32f30x_exti.o
                0x080030c0                EXTI_Init
 .text.EXTI_ClearFlag
                0x080032b8       0x34 ..\obj\stm32f30x_exti.o
                0x080032b8                EXTI_ClearFlag
 .text.SystemInit1
                0x080032ec       0x94 ..\obj\system_stm32f30x_temp.o
                0x080032ec                SystemInit
                0x080032ec                SystemInit1
 .text.SetSysClock1
                0x08003380       0xe4 ..\obj\system_stm32f30x_temp.o
                0x08003380                SetSysClock
 .text.vListInitialise
                0x08003464       0x40 ..\obj\list.o
                0x08003464                vListInitialise
 .text.vListInitialiseItem
                0x080034a4       0x1c ..\obj\list.o
                0x080034a4                vListInitialiseItem
 .text.vListInsert
                0x080034c0       0x74 ..\obj\list.o
                0x080034c0                vListInsert
 .text.uxListRemove
                0x08003534       0x54 ..\obj\list.o
                0x08003534                uxListRemove
 .text.NVIC_PriorityGroupConfig
                0x08003588       0x28 ..\obj\stm32f30x_misc.o
                0x08003588                NVIC_PriorityGroupConfig
 .text.NVIC_Init
                0x080035b0       0xc8 ..\obj\stm32f30x_misc.o
                0x080035b0                NVIC_Init
 .text.TIM_TimeBaseInit
                0x08003678       0xf0 ..\obj\stm32f30x_tim.o
                0x08003678                TIM_TimeBaseInit
 .text.TIM_TimeBaseStructInit
                0x08003768       0x34 ..\obj\stm32f30x_tim.o
                0x08003768                TIM_TimeBaseStructInit
 .text.TIM_Cmd  0x0800379c       0x40 ..\obj\stm32f30x_tim.o
                0x0800379c                TIM_Cmd
 .text.TIM_SelectOutputTrigger
                0x080037dc       0x34 ..\obj\stm32f30x_tim.o
                0x080037dc                TIM_SelectOutputTrigger
 .text.ADC_Config
                0x08003810       0xe0 ..\obj\adc.o
                0x08003810                ADC_Config
 .text.pxPortInitialiseStack
                0x080038f0       0x68 ..\obj\port.o
                0x080038f0                pxPortInitialiseStack
 .text.prvTaskExitError
                0x08003958       0x54 ..\obj\port.o
 *fill*         0x080039ac        0x4 
 .text.SVC_Handler
                0x080039b0       0x28 ..\obj\port.o
                0x080039b0                SVC_Handler
 .text.prvPortStartFirstTask
                0x080039d8       0x2c ..\obj\port.o
 .text.xPortStartScheduler
                0x08003a04      0x15c ..\obj\port.o
                0x08003a04                xPortStartScheduler
 .text.vPortEnterCritical
                0x08003b60       0x5c ..\obj\port.o
                0x08003b60                vPortEnterCritical
 .text.vPortExitCritical
                0x08003bbc       0x50 ..\obj\port.o
                0x08003bbc                vPortExitCritical
 *fill*         0x08003c0c        0x4 
 .text.PendSV_Handler
                0x08003c10       0x68 ..\obj\port.o
                0x08003c10                PendSV_Handler
 .text.SysTick_Handler
                0x08003c78       0x40 ..\obj\port.o
                0x08003c78                SysTick_Handler
 .text.vPortSetupTimerInterrupt
                0x08003cb8       0x48 ..\obj\port.o
                0x08003cb8                vPortSetupTimerInterrupt
 .text.vPortEnableVFP
                0x08003d00       0x18 ..\obj\port.o
 .text.vPortValidateInterruptPriority
                0x08003d18       0x7c ..\obj\port.o
                0x08003d18                vPortValidateInterruptPriority
 .text.xQueueGenericReset
                0x08003d94      0x114 ..\obj\queue.o
                0x08003d94                xQueueGenericReset
 .text.xQueueGenericCreate
                0x08003ea8       0x94 ..\obj\queue.o
                0x08003ea8                xQueueGenericCreate
 .text.prvInitialiseNewQueue
                0x08003f3c       0x48 ..\obj\queue.o
 .text.xQueueGenericSend
                0x08003f84      0x1f4 ..\obj\queue.o
                0x08003f84                xQueueGenericSend
 .text.xQueueGenericSendFromISR
                0x08004178      0x15c ..\obj\queue.o
                0x08004178                xQueueGenericSendFromISR
 .text.xQueueReceive
                0x080042d4      0x1b8 ..\obj\queue.o
                0x080042d4                xQueueReceive
 .text.prvCopyDataToQueue
                0x0800448c       0xd4 ..\obj\queue.o
 .text.prvCopyDataFromQueue
                0x08004560       0x4c ..\obj\queue.o
 .text.prvUnlockQueue
                0x080045ac       0xa4 ..\obj\queue.o
 .text.prvIsQueueEmpty
                0x08004650       0x2c ..\obj\queue.o
 .text.prvIsQueueFull
                0x0800467c       0x30 ..\obj\queue.o
 .text.vQueueAddToRegistry
                0x080046ac       0x9c ..\obj\queue.o
                0x080046ac                vQueueAddToRegistry
 .text.vQueueWaitForMessageRestricted
                0x08004748       0x68 ..\obj\queue.o
                0x08004748                vQueueWaitForMessageRestricted
 .text.Reset_Handler
                0x080047b0       0x44 ..\obj\startup_stm32f30x.o
                0x080047b0                Reset_Handler
 .text.Default_Handler
                0x080047f4        0x2 ..\obj\startup_stm32f30x.o
                0x080047f4                RTC_Alarm_IRQHandler
                0x080047f4                TIM8_TRG_COM_IRQHandler
                0x080047f4                TIM8_CC_IRQHandler
                0x080047f4                DebugMon_Handler
                0x080047f4                TIM1_CC_IRQHandler
                0x080047f4                HardFault_Handler
                0x080047f4                USB_HP_IRQHandler
                0x080047f4                PVD_IRQHandler
                0x080047f4                NMI_Handler
                0x080047f4                EXTI3_IRQHandler
                0x080047f4                I2C2_EV_IRQHandler
                0x080047f4                FPU_IRQHandler
                0x080047f4                EXTI2_TS_IRQHandler
                0x080047f4                TIM1_UP_TIM16_IRQHandler
                0x080047f4                UsageFault_Handler
                0x080047f4                ADC1_2_IRQHandler
                0x080047f4                SPI1_IRQHandler
                0x080047f4                TIM6_DAC_IRQHandler
                0x080047f4                TIM8_UP_IRQHandler
                0x080047f4                DMA2_Channel2_IRQHandler
                0x080047f4                DMA1_Channel4_IRQHandler
                0x080047f4                USART3_IRQHandler
                0x080047f4                DMA1_Channel7_IRQHandler
                0x080047f4                CAN1_RX1_IRQHandler
                0x080047f4                UART5_IRQHandler
                0x080047f4                ADC3_IRQHandler
                0x080047f4                TIM4_IRQHandler
                0x080047f4                DMA2_Channel1_IRQHandler
                0x080047f4                I2C1_EV_IRQHandler
                0x080047f4                DMA1_Channel6_IRQHandler
                0x080047f4                UART4_IRQHandler
                0x080047f4                DMA2_Channel4_IRQHandler
                0x080047f4                TIM3_IRQHandler
                0x080047f4                RCC_IRQHandler
                0x080047f4                DMA1_Channel1_IRQHandler
                0x080047f4                Default_Handler
                0x080047f4                USBWakeUp_RMP_IRQHandler
                0x080047f4                EXTI15_10_IRQHandler
                0x080047f4                TIM7_IRQHandler
                0x080047f4                EXTI9_5_IRQHandler
                0x080047f4                TAMPER_STAMP_IRQHandler
                0x080047f4                RTC_WKUP_IRQHandler
                0x080047f4                SPI2_IRQHandler
                0x080047f4                MemManage_Handler
                0x080047f4                DMA2_Channel5_IRQHandler
                0x080047f4                DMA1_Channel5_IRQHandler
                0x080047f4                USB_LP_IRQHandler
                0x080047f4                EXTI4_IRQHandler
                0x080047f4                USB_LP_CAN1_RX0_IRQHandler
                0x080047f4                TIM1_TRG_COM_TIM17_IRQHandler
                0x080047f4                USB_HP_CAN1_TX_IRQHandler
                0x080047f4                DMA1_Channel3_IRQHandler
                0x080047f4                ADC4_IRQHandler
                0x080047f4                WWDG_IRQHandler
                0x080047f4                TIM2_IRQHandler
                0x080047f4                COMP7_IRQHandler
                0x080047f4                COMP1_2_3_IRQHandler
                0x080047f4                EXTI1_IRQHandler
                0x080047f4                USART2_IRQHandler
                0x080047f4                COMP4_5_6_IRQHandler
                0x080047f4                I2C2_ER_IRQHandler
                0x080047f4                DMA1_Channel2_IRQHandler
                0x080047f4                TIM8_BRK_IRQHandler
                0x080047f4                CAN1_SCE_IRQHandler
                0x080047f4                FLASH_IRQHandler
                0x080047f4                BusFault_Handler
                0x080047f4                USART1_IRQHandler
                0x080047f4                SPI3_IRQHandler
                0x080047f4                I2C1_ER_IRQHandler
                0x080047f4                USBWakeUp_IRQHandler
                0x080047f4                DMA2_Channel3_IRQHandler
                0x080047f4                TIM1_BRK_TIM15_IRQHandler
 *fill*         0x080047f6        0x2 
 .text.SYSCFG_EXTILineConfig
                0x080047f8       0x84 ..\obj\stm32f30x_syscfg.o
                0x080047f8                SYSCFG_EXTILineConfig
 .text.DMA_Config
                0x0800487c      0x11c ..\obj\dma.o
                0x0800487c                DMA_Config
 .text.pvPortMalloc
                0x08004998      0x148 ..\obj\heap_2.o
                0x08004998                pvPortMalloc
 .text.vPortFree
                0x08004ae0       0xc8 ..\obj\heap_2.o
                0x08004ae0                vPortFree
 .text.prvHeapInit
                0x08004ba8       0x54 ..\obj\heap_2.o
 .text.DAC_Init
                0x08004bfc       0x68 ..\obj\stm32f30x_dac.o
                0x08004bfc                DAC_Init
 .text.DAC_Cmd  0x08004c64       0x4c ..\obj\stm32f30x_dac.o
                0x08004c64                DAC_Cmd
 .text.DAC_DMACmd
                0x08004cb0       0x50 ..\obj\stm32f30x_dac.o
                0x08004cb0                DAC_DMACmd
 .text.Clock_Config
                0x08004d00       0x60 ..\obj\clock.o
                0x08004d00                Clock_Config
 .text.IWDG_Config
                0x08004d60       0x28 ..\obj\clock.o
                0x08004d60                IWDG_Config
 .text.sqrt     0x08004d88       0xc0 ..\..\..\..\..\..\..\..\Program Files (x86)\GNU Tools ARM Embedded\5.3 2016q1\arm-none-eabi\lib\armv7e-m\fpu\libm.a(lib_a-w_sqrt.o)
                0x08004d88                sqrt
 .text.__ieee754_sqrt
                0x08004e48      0x1a0 ..\..\..\..\..\..\..\..\Program Files (x86)\GNU Tools ARM Embedded\5.3 2016q1\arm-none-eabi\lib\armv7e-m\fpu\libm.a(lib_a-e_sqrt.o)
                0x08004e48                __ieee754_sqrt
 .text.matherr  0x08004fe8        0x4 ..\..\..\..\..\..\..\..\Program Files (x86)\GNU Tools ARM Embedded\5.3 2016q1\arm-none-eabi\lib\armv7e-m\fpu\libm.a(lib_a-s_matherr.o)
                0x08004fe8                matherr
 .text          0x08004fec      0x370 c:/program files (x86)/gnu tools arm embedded/5.3 2016q1/bin/../lib/gcc/arm-none-eabi/5.3.1/armv7e-m/fpu\libgcc.a(_arm_addsubdf3.o)
                0x08004fec                __aeabi_drsub
                0x08004ff4                __aeabi_dsub
                0x08004ff4                __subdf3
                0x08004ff8                __aeabi_dadd
                0x08004ff8                __adddf3
                0x08005270                __floatunsidf
                0x08005270                __aeabi_ui2d
                0x08005290                __floatsidf
                0x08005290                __aeabi_i2d
                0x080052b4                __aeabi_f2d
                0x080052b4                __extendsfdf2
                0x080052f0                __floatundidf
                0x080052f0                __aeabi_ul2d
                0x08005300                __floatdidf
                0x08005300                __aeabi_l2d
 .text          0x0800535c      0x424 c:/program files (x86)/gnu tools arm embedded/5.3 2016q1/bin/../lib/gcc/arm-none-eabi/5.3.1/armv7e-m/fpu\libgcc.a(_arm_muldivdf3.o)
                0x0800535c                __aeabi_dmul
                0x0800535c                __muldf3
                0x080055b0                __divdf3
                0x080055b0                __aeabi_ddiv
 .text          0x08005780      0x110 c:/program files (x86)/gnu tools arm embedded/5.3 2016q1/bin/../lib/gcc/arm-none-eabi/5.3.1/armv7e-m/fpu\libgcc.a(_arm_cmpdf2.o)
                0x08005780                __gtdf2
                0x08005780                __gedf2
                0x08005788                __ltdf2
                0x08005788                __ledf2
                0x08005790                __nedf2
                0x08005790                __eqdf2
                0x08005790                __cmpdf2
                0x0800580c                __aeabi_cdrcmple
                0x0800581c                __aeabi_cdcmpeq
                0x0800581c                __aeabi_cdcmple
                0x0800582c                __aeabi_dcmpeq
                0x08005840                __aeabi_dcmplt
                0x08005854                __aeabi_dcmple
                0x08005868                __aeabi_dcmpge
                0x0800587c                __aeabi_dcmpgt
 .text          0x08005890       0x2c c:/program files (x86)/gnu tools arm embedded/5.3 2016q1/bin/../lib/gcc/arm-none-eabi/5.3.1/armv7e-m/fpu\libgcc.a(_arm_unorddf2.o)
                0x08005890                __unorddf2
                0x08005890                __aeabi_dcmpun
 .text          0x080058bc       0x50 c:/program files (x86)/gnu tools arm embedded/5.3 2016q1/bin/../lib/gcc/arm-none-eabi/5.3.1/armv7e-m/fpu\libgcc.a(_arm_fixdfsi.o)
                0x080058bc                __aeabi_d2iz
                0x080058bc                __fixdfsi
 .text.__errno  0x0800590c        0xc ..\..\..\..\..\..\..\..\Program Files (x86)\GNU Tools ARM Embedded\5.3 2016q1\arm-none-eabi\lib\armv7e-m\fpu\libg.a(lib_a-errno.o)
                0x0800590c                __errno
 .text          0x08005918      0x134 ..\..\..\..\..\..\..\..\Program Files (x86)\GNU Tools ARM Embedded\5.3 2016q1\arm-none-eabi\lib\armv7e-m\fpu\libg.a(lib_a-memcpy.o)
                0x08005918                memcpy
 .text.memset   0x08005a4c       0x9c ..\..\..\..\..\..\..\..\Program Files (x86)\GNU Tools ARM Embedded\5.3 2016q1\arm-none-eabi\lib\armv7e-m\fpu\libg.a(lib_a-memset.o)
                0x08005a4c                memset
 .text.srandom  0x08005ae8       0x14 ..\..\..\..\..\..\..\..\Program Files (x86)\GNU Tools ARM Embedded\5.3 2016q1\arm-none-eabi\lib\armv7e-m\fpu\libg.a(lib_a-random.o)
                0x08005ae8                srandom
 .text.random   0x08005afc       0x40 ..\..\..\..\..\..\..\..\Program Files (x86)\GNU Tools ARM Embedded\5.3 2016q1\arm-none-eabi\lib\armv7e-m\fpu\libg.a(lib_a-random.o)
                0x08005afc                random
 *(.init)
 *(.fini)
 *crtbegin.o(.ctors)
 *crtbegin?.o(.ctors)
 *(EXCLUDE_FILE(*crtend.o *crtend?.o) .ctors)
 *(SORT(.ctors.*))
 *(.ctors)
 *crtbegin.o(.dtors)
 *crtbegin?.o(.dtors)
 *(EXCLUDE_FILE(*crtend.o *crtend?.o) .dtors)
 *(SORT(.dtors.*))
 *(.dtors)
 *(.rodata*)
 .rodata        0x08005b3c       0xb1 ..\obj\main.o
 *fill*         0x08005bed        0x3 
 .rodata        0x08005bf0        0xd ..\obj\timers.o
 *fill*         0x08005bfd        0x3 
 .rodata        0x08005c00        0x5 ..\obj\tasks.o
 *fill*         0x08005c05        0x3 
 .rodata.str1.4
                0x08005c08        0x5 ..\..\..\..\..\..\..\..\Program Files (x86)\GNU Tools ARM Embedded\5.3 2016q1\arm-none-eabi\lib\armv7e-m\fpu\libm.a(lib_a-w_sqrt.o)
 *fill*         0x08005c0d        0x3 
 .rodata.str1.4
                0x08005c10        0x4 ..\..\..\..\..\..\..\..\Program Files (x86)\GNU Tools ARM Embedded\5.3 2016q1\arm-none-eabi\lib\armv7e-m\fpu\libg.a(lib_a-impure.o)
                                  0x2 (size before relaxing)
 *(.eh_fram e*)

.glue_7         0x08005c14        0x0
 .glue_7        0x08005c14        0x0 linker stubs

.glue_7t        0x08005c14        0x0
 .glue_7t       0x08005c14        0x0 linker stubs

.vfp11_veneer   0x08005c14        0x0
 .vfp11_veneer  0x08005c14        0x0 linker stubs

.v4_bx          0x08005c14        0x0
 .v4_bx         0x08005c14        0x0 linker stubs

.iplt           0x08005c14        0x0
 .iplt          0x08005c14        0x0 ..\obj\stm32f30x_iwdg.o

.rel.dyn        0x08005c14        0x0
 .rel.iplt      0x08005c14        0x0 ..\obj\stm32f30x_iwdg.o

.ARM.extab
 *(.ARM.extab* .gnu.linkonce.armextab.*)
                0x08005c14                __exidx_start = .

.ARM.exidx
 *(.ARM.exidx* .gnu.linkonce.armexidx.*)
                0x08005c14                __exidx_end = .
                0x08005c14                __etext = .
                0x08005c14                _sidata = __etext

.data           0x20000000      0x624 load address 0x08005c14
                0x20000000                __data_start__ = .
                0x20000000                _sdata = __data_start__
 *(vtable)
 *(.data*)
 .data          0x20000000        0x8 ..\obj\main.o
                0x20000000                incr_x
                0x20000004                incr_y
 .data          0x20000008        0x4 ..\obj\tasks.o
                0x20000008                uxTopUsedPriority
 .data          0x2000000c       0x14 ..\obj\system_stm32f30x_temp.o
                0x2000000c                SystemCoreClock
                0x20000010                AHBPrescTable
 .data          0x20000020        0x4 ..\obj\port.o
 .data          0x20000024      0x1c6 ..\obj\dma.o
                0x20000024                arr_x
                0x20000108                arr_y
 *fill*         0x200001ea        0x2 
 .data          0x200001ec        0x4 ..\obj\heap_2.o
 .data.__fdlib_version
                0x200001f0        0x1 ..\..\..\..\..\..\..\..\Program Files (x86)\GNU Tools ARM Embedded\5.3 2016q1\arm-none-eabi\lib\armv7e-m\fpu\libm.a(lib_a-s_lib_ver.o)
                0x200001f0                __fdlib_version
 *fill*         0x200001f1        0x7 
 .data.impure_data
                0x200001f8      0x428 ..\..\..\..\..\..\..\..\Program Files (x86)\GNU Tools ARM Embedded\5.3 2016q1\arm-none-eabi\lib\armv7e-m\fpu\libg.a(lib_a-impure.o)
 .data._impure_ptr
                0x20000620        0x4 ..\..\..\..\..\..\..\..\Program Files (x86)\GNU Tools ARM Embedded\5.3 2016q1\arm-none-eabi\lib\armv7e-m\fpu\libg.a(lib_a-impure.o)
                0x20000620                _impure_ptr
                0x20000624                . = ALIGN (0x4)
                [!provide]                PROVIDE (__preinit_array_start, .)
 *(.preinit_array)
                [!provide]                PROVIDE (__preinit_array_end, .)
                0x20000624                . = ALIGN (0x4)
                [!provide]                PROVIDE (__init_array_start, .)
 *(SORT(.init_array.*))
 *(.init_array)
                [!provide]                PROVIDE (__init_array_end, .)
                0x20000624                . = ALIGN (0x4)
                [!provide]                PROVIDE (__fini_array_start, .)
 *(SORT(.fini_array.*))
 *(.fini_array)
                [!provide]                PROVIDE (__fini_array_end, .)
 *(.jcr*)
                0x20000624                . = ALIGN (0x4)
                0x20000624                __data_end__ = .
                0x20000624                _edata = __data_end__

.igot.plt       0x20000624        0x0 load address 0x08006238
 .igot.plt      0x20000624        0x0 ..\obj\stm32f30x_iwdg.o

.bss            0x20000624     0x3e28 load address 0x08006238
                0x20000624                . = ALIGN (0x4)
                0x20000624                __bss_start__ = .
                0x20000624                _sbss = __bss_start__
 *(.bss*)
 .bss           0x20000624        0x2 ..\obj\main.o
                0x20000624                pause_flag
 *fill*         0x20000626        0x2 
 .bss           0x20000628       0x3c ..\obj\timers.o
 .bss           0x20000664      0x104 ..\obj\tasks.o
                0x20000664                pxCurrentTCB
 .bss           0x20000768        0x8 ..\obj\port.o
 .bss           0x20000770     0x3c14 ..\obj\heap_2.o
 *(COMMON)
 COMMON         0x20004384       0x80 ..\obj\main.o
                0x20004384                RTOS_tim_1
                0x20004388                random32bit
                0x2000438c                ADC_InitStructure
                0x200043ac                DAC_InitStructure
                0x200043bc                GPIO_InitStructure
                0x200043c4                DMA_InitStructure
                0x200043f0                ADC_CommonInitStructure
 COMMON         0x20004404       0x40 ..\obj\queue.o
                0x20004404                xQueueRegistry
 COMMON         0x20004444        0x6 ..\obj\dma.o
                0x20004444                ADC_Result
                0x2000444c                . = ALIGN (0x4)
 *fill*         0x2000444a        0x2 
                0x2000444c                __bss_end__ = .
                0x2000444c                _ebss = __bss_end__

.heap           0x2000444c        0x0
                0x2000444c                __end__ = .
                0x2000444c                _end = __end__
                0x2000444c                end = __end__
 *(.heap*)
                0x2000444c                __HeapLimit = .

.co_stack       0x2000444c        0x4 load address 0x0800a060
                0x20004450                . = ALIGN (0x8)
 *fill*         0x2000444c        0x4 
 *(.co_stack .co_stack.*)
                0x2000a000                __StackTop = (ORIGIN (ram) + LENGTH (ram))
                0x20009ffc                __StackLimit = (__StackTop - SIZEOF (.co_stack))
                [!provide]                PROVIDE (__stack, __StackTop)
                0x00000001                ASSERT ((__StackLimit >= __HeapLimit), region ram  overflowed with stack)
LOAD ..\obj\stm32f30x_iwdg.o
LOAD ..\obj\stm32f30x_rcc.o
LOAD ..\obj\stm32f30x_adc.o
LOAD ..\obj\stm32f30x_gpio.o
LOAD ..\obj\main.o
LOAD ..\obj\stm32f30x_dma.o
LOAD ..\obj\timers.o
LOAD ..\obj\gpio.o
LOAD ..\obj\dac.o
LOAD ..\obj\tasks.o
LOAD ..\obj\stm32f30x_exti.o
LOAD ..\obj\system_stm32f30x_temp.o
LOAD ..\obj\stm32f30x_rtc.o
LOAD ..\obj\list.o
LOAD ..\obj\stm32f30x_misc.o
LOAD ..\obj\stm32f30x_tim.o
LOAD ..\obj\adc.o
LOAD ..\obj\port.o
LOAD ..\obj\queue.o
LOAD ..\obj\startup_stm32f30x.o
LOAD ..\obj\stream_buffer.o
LOAD ..\obj\croutine.o
LOAD ..\obj\stm32f30x_syscfg.o
LOAD ..\obj\event_groups.o
LOAD ..\obj\dma.o
LOAD ..\obj\heap_2.o
LOAD ..\obj\stm32f30x_dac.o
LOAD ..\obj\clock.o
LOAD ..\..\..\..\..\..\..\..\Program Files (x86)\GNU Tools ARM Embedded\5.3 2016q1\arm-none-eabi\lib\armv7e-m\fpu\libm.a
START GROUP
LOAD c:/program files (x86)/gnu tools arm embedded/5.3 2016q1/bin/../lib/gcc/arm-none-eabi/5.3.1/armv7e-m/fpu\libgcc.a
LOAD ..\..\..\..\..\..\..\..\Program Files (x86)\GNU Tools ARM Embedded\5.3 2016q1\arm-none-eabi\lib\armv7e-m\fpu\libg.a
LOAD ..\..\..\..\..\..\..\..\Program Files (x86)\GNU Tools ARM Embedded\5.3 2016q1\arm-none-eabi\lib\armv7e-m\fpu\libc.a
END GROUP
OUTPUT(osc.elf elf32-littlearm)

.debug_info     0x00000000     0xd737
 .debug_info    0x00000000      0x240 ..\obj\stm32f30x_iwdg.o
 .debug_info    0x00000240      0xacc ..\obj\stm32f30x_rcc.o
 .debug_info    0x00000d0c     0x131f ..\obj\stm32f30x_adc.o
 .debug_info    0x0000202b      0x612 ..\obj\stm32f30x_gpio.o
 .debug_info    0x0000263d      0xcb9 ..\obj\main.o
 .debug_info    0x000032f6      0x47b ..\obj\stm32f30x_dma.o
 .debug_info    0x00003771      0xc90 ..\obj\timers.o
 .debug_info    0x00004401      0x2e1 ..\obj\gpio.o
 .debug_info    0x000046e2      0x12c ..\obj\dac.o
 .debug_info    0x0000480e     0x255d ..\obj\tasks.o
 .debug_info    0x00006d6b      0x3c4 ..\obj\stm32f30x_exti.o
 .debug_info    0x0000712f      0x4bb ..\obj\system_stm32f30x_temp.o
 .debug_info    0x000075ea      0x2d6 ..\obj\list.o
 .debug_info    0x000078c0      0x556 ..\obj\stm32f30x_misc.o
 .debug_info    0x00007e16     0x218c ..\obj\stm32f30x_tim.o
 .debug_info    0x00009fa2      0x3f3 ..\obj\adc.o
 .debug_info    0x0000a395      0x584 ..\obj\port.o
 .debug_info    0x0000a919     0x1873 ..\obj\queue.o
 .debug_info    0x0000c18c       0xa5 ..\obj\startup_stm32f30x.o
 .debug_info    0x0000c231      0x3ce ..\obj\stm32f30x_syscfg.o
 .debug_info    0x0000c5ff      0x603 ..\obj\dma.o
 .debug_info    0x0000cc02      0x3c5 ..\obj\heap_2.o
 .debug_info    0x0000cfc7      0x642 ..\obj\stm32f30x_dac.o
 .debug_info    0x0000d609      0x12e ..\obj\clock.o

.debug_abbrev   0x00000000     0x2274
 .debug_abbrev  0x00000000      0x112 ..\obj\stm32f30x_iwdg.o
 .debug_abbrev  0x00000112      0x1e5 ..\obj\stm32f30x_rcc.o
 .debug_abbrev  0x000002f7      0x192 ..\obj\stm32f30x_adc.o
 .debug_abbrev  0x00000489      0x198 ..\obj\stm32f30x_gpio.o
 .debug_abbrev  0x00000621      0x2a1 ..\obj\main.o
 .debug_abbrev  0x000008c2      0x157 ..\obj\stm32f30x_dma.o
 .debug_abbrev  0x00000a19      0x21a ..\obj\timers.o
 .debug_abbrev  0x00000c33      0x101 ..\obj\gpio.o
 .debug_abbrev  0x00000d34       0xaa ..\obj\dac.o
 .debug_abbrev  0x00000dde      0x29a ..\obj\tasks.o
 .debug_abbrev  0x00001078      0x17e ..\obj\stm32f30x_exti.o
 .debug_abbrev  0x000011f6      0x147 ..\obj\system_stm32f30x_temp.o
 .debug_abbrev  0x0000133d       0xd6 ..\obj\list.o
 .debug_abbrev  0x00001413      0x147 ..\obj\stm32f30x_misc.o
 .debug_abbrev  0x0000155a      0x189 ..\obj\stm32f30x_tim.o
 .debug_abbrev  0x000016e3       0xf4 ..\obj\adc.o
 .debug_abbrev  0x000017d7      0x202 ..\obj\port.o
 .debug_abbrev  0x000019d9      0x245 ..\obj\queue.o
 .debug_abbrev  0x00001c1e       0x12 ..\obj\startup_stm32f30x.o
 .debug_abbrev  0x00001c30      0x183 ..\obj\stm32f30x_syscfg.o
 .debug_abbrev  0x00001db3       0xf4 ..\obj\dma.o
 .debug_abbrev  0x00001ea7      0x1cb ..\obj\heap_2.o
 .debug_abbrev  0x00002072      0x17e ..\obj\stm32f30x_dac.o
 .debug_abbrev  0x000021f0       0x84 ..\obj\clock.o

.debug_aranges  0x00000000     0x1090
 .debug_aranges
                0x00000000       0x50 ..\obj\stm32f30x_iwdg.o
 .debug_aranges
                0x00000050      0x150 ..\obj\stm32f30x_rcc.o
 .debug_aranges
                0x000001a0      0x210 ..\obj\stm32f30x_adc.o
 .debug_aranges
                0x000003b0       0x80 ..\obj\stm32f30x_gpio.o
 .debug_aranges
                0x00000430       0x70 ..\obj\main.o
 .debug_aranges
                0x000004a0       0x70 ..\obj\stm32f30x_dma.o
 .debug_aranges
                0x00000510       0xe8 ..\obj\timers.o
 .debug_aranges
                0x000005f8       0x20 ..\obj\gpio.o
 .debug_aranges
                0x00000618       0x20 ..\obj\dac.o
 .debug_aranges
                0x00000638      0x1f8 ..\obj\tasks.o
 .debug_aranges
                0x00000830       0x58 ..\obj\stm32f30x_exti.o
 .debug_aranges
                0x00000888       0x30 ..\obj\system_stm32f30x_temp.o
 .debug_aranges
                0x000008b8       0x40 ..\obj\list.o
 .debug_aranges
                0x000008f8       0x40 ..\obj\stm32f30x_misc.o
 .debug_aranges
                0x00000938      0x3a8 ..\obj\stm32f30x_tim.o
 .debug_aranges
                0x00000ce0       0x20 ..\obj\adc.o
 .debug_aranges
                0x00000d00       0x80 ..\obj\port.o
 .debug_aranges
                0x00000d80      0x130 ..\obj\queue.o
 .debug_aranges
                0x00000eb0       0x28 ..\obj\startup_stm32f30x.o
 .debug_aranges
                0x00000ed8       0x88 ..\obj\stm32f30x_syscfg.o
 .debug_aranges
                0x00000f60       0x20 ..\obj\dma.o
 .debug_aranges
                0x00000f80       0x48 ..\obj\heap_2.o
 .debug_aranges
                0x00000fc8       0xa0 ..\obj\stm32f30x_dac.o
 .debug_aranges
                0x00001068       0x28 ..\obj\clock.o

.debug_ranges   0x00000000      0xf30
 .debug_ranges  0x00000000       0x40 ..\obj\stm32f30x_iwdg.o
 .debug_ranges  0x00000040      0x140 ..\obj\stm32f30x_rcc.o
 .debug_ranges  0x00000180      0x200 ..\obj\stm32f30x_adc.o
 .debug_ranges  0x00000380       0x70 ..\obj\stm32f30x_gpio.o
 .debug_ranges  0x000003f0       0x78 ..\obj\main.o
 .debug_ranges  0x00000468       0x60 ..\obj\stm32f30x_dma.o
 .debug_ranges  0x000004c8       0xd8 ..\obj\timers.o
 .debug_ranges  0x000005a0       0x10 ..\obj\gpio.o
 .debug_ranges  0x000005b0       0x10 ..\obj\dac.o
 .debug_ranges  0x000005c0      0x1e8 ..\obj\tasks.o
 .debug_ranges  0x000007a8       0x48 ..\obj\stm32f30x_exti.o
 .debug_ranges  0x000007f0       0x20 ..\obj\system_stm32f30x_temp.o
 .debug_ranges  0x00000810       0x30 ..\obj\list.o
 .debug_ranges  0x00000840       0x30 ..\obj\stm32f30x_misc.o
 .debug_ranges  0x00000870      0x398 ..\obj\stm32f30x_tim.o
 .debug_ranges  0x00000c08       0x10 ..\obj\adc.o
 .debug_ranges  0x00000c18       0x70 ..\obj\port.o
 .debug_ranges  0x00000c88      0x120 ..\obj\queue.o
 .debug_ranges  0x00000da8       0x20 ..\obj\startup_stm32f30x.o
 .debug_ranges  0x00000dc8       0x78 ..\obj\stm32f30x_syscfg.o
 .debug_ranges  0x00000e40       0x10 ..\obj\dma.o
 .debug_ranges  0x00000e50       0x38 ..\obj\heap_2.o
 .debug_ranges  0x00000e88       0x90 ..\obj\stm32f30x_dac.o
 .debug_ranges  0x00000f18       0x18 ..\obj\clock.o

.debug_line     0x00000000     0x6e6f
 .debug_line    0x00000000      0x22f ..\obj\stm32f30x_iwdg.o
 .debug_line    0x0000022f      0x5b4 ..\obj\stm32f30x_rcc.o
 .debug_line    0x000007e3      0x7ef ..\obj\stm32f30x_adc.o
 .debug_line    0x00000fd2      0x34f ..\obj\stm32f30x_gpio.o
 .debug_line    0x00001321      0x50e ..\obj\main.o
 .debug_line    0x0000182f      0x34b ..\obj\stm32f30x_dma.o
 .debug_line    0x00001b7a      0x5e7 ..\obj\timers.o
 .debug_line    0x00002161      0x244 ..\obj\gpio.o
 .debug_line    0x000023a5      0x236 ..\obj\dac.o
 .debug_line    0x000025db     0x10d9 ..\obj\tasks.o
 .debug_line    0x000036b4      0x2c9 ..\obj\stm32f30x_exti.o
 .debug_line    0x0000397d      0x203 ..\obj\system_stm32f30x_temp.o
 .debug_line    0x00003b80      0x271 ..\obj\list.o
 .debug_line    0x00003df1      0x26a ..\obj\stm32f30x_misc.o
 .debug_line    0x0000405b      0xcbe ..\obj\stm32f30x_tim.o
 .debug_line    0x00004d19      0x244 ..\obj\adc.o
 .debug_line    0x00004f5d      0x405 ..\obj\port.o
 .debug_line    0x00005362      0xcbc ..\obj\queue.o
 .debug_line    0x0000601e       0xa8 ..\obj\startup_stm32f30x.o
 .debug_line    0x000060c6      0x2cc ..\obj\stm32f30x_syscfg.o
 .debug_line    0x00006392      0x26c ..\obj\dma.o
 .debug_line    0x000065fe      0x32d ..\obj\heap_2.o
 .debug_line    0x0000692b      0x36a ..\obj\stm32f30x_dac.o
 .debug_line    0x00006c95      0x1da ..\obj\clock.o

.debug_str      0x00000000     0x5456
 .debug_str     0x00000000      0x238 ..\obj\stm32f30x_iwdg.o
                                0x2b2 (size before relaxing)
 .debug_str     0x00000238      0x655 ..\obj\stm32f30x_rcc.o
                                0x81f (size before relaxing)
 .debug_str     0x0000088d      0x9ce ..\obj\stm32f30x_adc.o
                                0xbbb (size before relaxing)
 .debug_str     0x0000125b      0x2fe ..\obj\stm32f30x_gpio.o
                                0x4ca (size before relaxing)
 .debug_str     0x00001559      0xa17 ..\obj\main.o
                                0xe4e (size before relaxing)
 .debug_str     0x00001f70      0x169 ..\obj\stm32f30x_dma.o
                                0x3e8 (size before relaxing)
 .debug_str     0x000020d9      0x57a ..\obj\timers.o
                                0x7bf (size before relaxing)
 .debug_str     0x00002653       0x42 ..\obj\gpio.o
                                0x372 (size before relaxing)
 .debug_str     0x00002695       0x40 ..\obj\dac.o
                                0x221 (size before relaxing)
 .debug_str     0x000026d5      0xdf2 ..\obj\tasks.o
                               0x1107 (size before relaxing)
 .debug_str     0x000034c7      0x128 ..\obj\stm32f30x_exti.o
                                0x3ab (size before relaxing)
 .debug_str     0x000035ef       0xf8 ..\obj\system_stm32f30x_temp.o
                                0x335 (size before relaxing)
 .debug_str     0x000036e7       0xca ..\obj\list.o
                                0x2ec (size before relaxing)
 .debug_str     0x000037b1      0x162 ..\obj\stm32f30x_misc.o
                                0x3f9 (size before relaxing)
 .debug_str     0x00003913      0xc70 ..\obj\stm32f30x_tim.o
                                0xfa2 (size before relaxing)
 .debug_str     0x00004583       0x40 ..\obj\adc.o
                                0x3e5 (size before relaxing)
 .debug_str     0x000045c3      0x207 ..\obj\port.o
                                0x42e (size before relaxing)
 .debug_str     0x000047ca      0x5fb ..\obj\queue.o
                                0x9bc (size before relaxing)
 .debug_str     0x00004dc5      0x271 ..\obj\stm32f30x_syscfg.o
                                0x42b (size before relaxing)
 .debug_str     0x00005036       0x98 ..\obj\dma.o
                                0x54e (size before relaxing)
 .debug_str     0x000050ce      0x194 ..\obj\heap_2.o
                                0x375 (size before relaxing)
 .debug_str     0x00005262      0x1bd ..\obj\stm32f30x_dac.o
                                0x474 (size before relaxing)
 .debug_str     0x0000541f       0x37 ..\obj\clock.o
                                0x1ea (size before relaxing)

.comment        0x00000000       0x6e
 .comment       0x00000000       0x6e ..\obj\stm32f30x_iwdg.o
                                 0x6f (size before relaxing)
 .comment       0x0000006e       0x6f ..\obj\stm32f30x_rcc.o
 .comment       0x0000006e       0x6f ..\obj\stm32f30x_adc.o
 .comment       0x0000006e       0x6f ..\obj\stm32f30x_gpio.o
 .comment       0x0000006e       0x6f ..\obj\main.o
 .comment       0x0000006e       0x6f ..\obj\stm32f30x_dma.o
 .comment       0x0000006e       0x6f ..\obj\timers.o
 .comment       0x0000006e       0x6f ..\obj\gpio.o
 .comment       0x0000006e       0x6f ..\obj\dac.o
 .comment       0x0000006e       0x6f ..\obj\tasks.o
 .comment       0x0000006e       0x6f ..\obj\stm32f30x_exti.o
 .comment       0x0000006e       0x6f ..\obj\system_stm32f30x_temp.o
 .comment       0x0000006e       0x6f ..\obj\list.o
 .comment       0x0000006e       0x6f ..\obj\stm32f30x_misc.o
 .comment       0x0000006e       0x6f ..\obj\stm32f30x_tim.o
 .comment       0x0000006e       0x6f ..\obj\adc.o
 .comment       0x0000006e       0x6f ..\obj\port.o
 .comment       0x0000006e       0x6f ..\obj\queue.o
 .comment       0x0000006e       0x6f ..\obj\stm32f30x_syscfg.o
 .comment       0x0000006e       0x6f ..\obj\dma.o
 .comment       0x0000006e       0x6f ..\obj\heap_2.o
 .comment       0x0000006e       0x6f ..\obj\stm32f30x_dac.o
 .comment       0x0000006e       0x6f ..\obj\clock.o

.ARM.attributes
                0x00000000       0x37
 .ARM.attributes
                0x00000000       0x39 ..\obj\stm32f30x_iwdg.o
 .ARM.attributes
                0x00000039       0x39 ..\obj\stm32f30x_rcc.o
 .ARM.attributes
                0x00000072       0x39 ..\obj\stm32f30x_adc.o
 .ARM.attributes
                0x000000ab       0x39 ..\obj\stm32f30x_gpio.o
 .ARM.attributes
                0x000000e4       0x39 ..\obj\main.o
 .ARM.attributes
                0x0000011d       0x39 ..\obj\stm32f30x_dma.o
 .ARM.attributes
                0x00000156       0x39 ..\obj\timers.o
 .ARM.attributes
                0x0000018f       0x39 ..\obj\gpio.o
 .ARM.attributes
                0x000001c8       0x39 ..\obj\dac.o
 .ARM.attributes
                0x00000201       0x39 ..\obj\tasks.o
 .ARM.attributes
                0x0000023a       0x39 ..\obj\stm32f30x_exti.o
 .ARM.attributes
                0x00000273       0x39 ..\obj\system_stm32f30x_temp.o
 .ARM.attributes
                0x000002ac       0x39 ..\obj\list.o
 .ARM.attributes
                0x000002e5       0x39 ..\obj\stm32f30x_misc.o
 .ARM.attributes
                0x0000031e       0x39 ..\obj\stm32f30x_tim.o
 .ARM.attributes
                0x00000357       0x39 ..\obj\adc.o
 .ARM.attributes
                0x00000390       0x39 ..\obj\port.o
 .ARM.attributes
                0x000003c9       0x39 ..\obj\queue.o
 .ARM.attributes
                0x00000402       0x21 ..\obj\startup_stm32f30x.o
 .ARM.attributes
                0x00000423       0x39 ..\obj\stm32f30x_syscfg.o
 .ARM.attributes
                0x0000045c       0x39 ..\obj\dma.o
 .ARM.attributes
                0x00000495       0x39 ..\obj\heap_2.o
 .ARM.attributes
                0x000004ce       0x39 ..\obj\stm32f30x_dac.o
 .ARM.attributes
                0x00000507       0x39 ..\obj\clock.o
 .ARM.attributes
                0x00000540       0x34 ..\..\..\..\..\..\..\..\Program Files (x86)\GNU Tools ARM Embedded\5.3 2016q1\arm-none-eabi\lib\armv7e-m\fpu\libm.a(lib_a-w_sqrt.o)
 .ARM.attributes
                0x00000574       0x34 ..\..\..\..\..\..\..\..\Program Files (x86)\GNU Tools ARM Embedded\5.3 2016q1\arm-none-eabi\lib\armv7e-m\fpu\libm.a(lib_a-e_sqrt.o)
 .ARM.attributes
                0x000005a8       0x34 ..\..\..\..\..\..\..\..\Program Files (x86)\GNU Tools ARM Embedded\5.3 2016q1\arm-none-eabi\lib\armv7e-m\fpu\libm.a(lib_a-s_lib_ver.o)
 .ARM.attributes
                0x000005dc       0x34 ..\..\..\..\..\..\..\..\Program Files (x86)\GNU Tools ARM Embedded\5.3 2016q1\arm-none-eabi\lib\armv7e-m\fpu\libm.a(lib_a-s_matherr.o)
 .ARM.attributes
                0x00000610       0x22 c:/program files (x86)/gnu tools arm embedded/5.3 2016q1/bin/../lib/gcc/arm-none-eabi/5.3.1/armv7e-m/fpu\libgcc.a(_arm_addsubdf3.o)
 .ARM.attributes
                0x00000632       0x22 c:/program files (x86)/gnu tools arm embedded/5.3 2016q1/bin/../lib/gcc/arm-none-eabi/5.3.1/armv7e-m/fpu\libgcc.a(_arm_muldivdf3.o)
 .ARM.attributes
                0x00000654       0x22 c:/program files (x86)/gnu tools arm embedded/5.3 2016q1/bin/../lib/gcc/arm-none-eabi/5.3.1/armv7e-m/fpu\libgcc.a(_arm_cmpdf2.o)
 .ARM.attributes
                0x00000676       0x22 c:/program files (x86)/gnu tools arm embedded/5.3 2016q1/bin/../lib/gcc/arm-none-eabi/5.3.1/armv7e-m/fpu\libgcc.a(_arm_unorddf2.o)
 .ARM.attributes
                0x00000698       0x22 c:/program files (x86)/gnu tools arm embedded/5.3 2016q1/bin/../lib/gcc/arm-none-eabi/5.3.1/armv7e-m/fpu\libgcc.a(_arm_fixdfsi.o)
 .ARM.attributes
                0x000006ba       0x34 ..\..\..\..\..\..\..\..\Program Files (x86)\GNU Tools ARM Embedded\5.3 2016q1\arm-none-eabi\lib\armv7e-m\fpu\libg.a(lib_a-errno.o)
 .ARM.attributes
                0x000006ee       0x34 ..\..\..\..\..\..\..\..\Program Files (x86)\GNU Tools ARM Embedded\5.3 2016q1\arm-none-eabi\lib\armv7e-m\fpu\libg.a(lib_a-impure.o)
 .ARM.attributes
                0x00000722       0x20 ..\..\..\..\..\..\..\..\Program Files (x86)\GNU Tools ARM Embedded\5.3 2016q1\arm-none-eabi\lib\armv7e-m\fpu\libg.a(lib_a-memcpy.o)
 .ARM.attributes
                0x00000742       0x34 ..\..\..\..\..\..\..\..\Program Files (x86)\GNU Tools ARM Embedded\5.3 2016q1\arm-none-eabi\lib\armv7e-m\fpu\libg.a(lib_a-memset.o)
 .ARM.attributes
                0x00000776       0x34 ..\..\..\..\..\..\..\..\Program Files (x86)\GNU Tools ARM Embedded\5.3 2016q1\arm-none-eabi\lib\armv7e-m\fpu\libg.a(lib_a-random.o)

.debug_frame    0x00000000     0x46ec
 .debug_frame   0x00000000      0x118 ..\obj\stm32f30x_iwdg.o
 .debug_frame   0x00000118      0x60c ..\obj\stm32f30x_rcc.o
 .debug_frame   0x00000724      0x9e4 ..\obj\stm32f30x_adc.o
 .debug_frame   0x00001108      0x214 ..\obj\stm32f30x_gpio.o
 .debug_frame   0x0000131c      0x198 ..\obj\main.o
 .debug_frame   0x000014b4      0x1c8 ..\obj\stm32f30x_dma.o
 .debug_frame   0x0000167c      0x3c8 ..\obj\timers.o
 .debug_frame   0x00001a44       0x2c ..\obj\gpio.o
 .debug_frame   0x00001a70       0x2c ..\obj\dac.o
 .debug_frame   0x00001a9c      0x8a8 ..\obj\tasks.o
 .debug_frame   0x00002344      0x148 ..\obj\stm32f30x_exti.o
 .debug_frame   0x0000248c       0x7c ..\obj\system_stm32f30x_temp.o
 .debug_frame   0x00002508       0xd8 ..\obj\list.o
 .debug_frame   0x000025e0       0xd8 ..\obj\stm32f30x_misc.o
 .debug_frame   0x000026b8     0x11c4 ..\obj\stm32f30x_tim.o
 .debug_frame   0x0000387c       0x2c ..\obj\adc.o
 .debug_frame   0x000038a8      0x1a8 ..\obj\port.o
 .debug_frame   0x00003a50      0x530 ..\obj\queue.o
 .debug_frame   0x00003f80      0x230 ..\obj\stm32f30x_syscfg.o
 .debug_frame   0x000041b0       0x2c ..\obj\dma.o
 .debug_frame   0x000041dc       0xe4 ..\obj\heap_2.o
 .debug_frame   0x000042c0      0x2ac ..\obj\stm32f30x_dac.o
 .debug_frame   0x0000456c       0x48 ..\obj\clock.o
 .debug_frame   0x000045b4       0x58 ..\..\..\..\..\..\..\..\Program Files (x86)\GNU Tools ARM Embedded\5.3 2016q1\arm-none-eabi\lib\armv7e-m\fpu\libm.a(lib_a-w_sqrt.o)
 .debug_frame   0x0000460c       0x30 ..\..\..\..\..\..\..\..\Program Files (x86)\GNU Tools ARM Embedded\5.3 2016q1\arm-none-eabi\lib\armv7e-m\fpu\libm.a(lib_a-e_sqrt.o)
 .debug_frame   0x0000463c       0x20 ..\..\..\..\..\..\..\..\Program Files (x86)\GNU Tools ARM Embedded\5.3 2016q1\arm-none-eabi\lib\armv7e-m\fpu\libm.a(lib_a-s_matherr.o)
 .debug_frame   0x0000465c       0x20 ..\..\..\..\..\..\..\..\Program Files (x86)\GNU Tools ARM Embedded\5.3 2016q1\arm-none-eabi\lib\armv7e-m\fpu\libg.a(lib_a-errno.o)
 .debug_frame   0x0000467c       0x34 ..\..\..\..\..\..\..\..\Program Files (x86)\GNU Tools ARM Embedded\5.3 2016q1\arm-none-eabi\lib\armv7e-m\fpu\libg.a(lib_a-memset.o)
 .debug_frame   0x000046b0       0x3c ..\..\..\..\..\..\..\..\Program Files (x86)\GNU Tools ARM Embedded\5.3 2016q1\arm-none-eabi\lib\armv7e-m\fpu\libg.a(lib_a-random.o)
